semantic error: Incompatible rank `2` array passed in function which expects rank `3`.
 --> tests/errors/func_arg_array.f90:4:14
  |
4 |     i = temp(myArray)
  |              ^^^^^^^ 
